PRIMER_SEQUENCE_ID=max_size_limit_int
SEQUENCE=TAGCTGATGCTAGCTAGCGTGGGCATGCTAGCTAGCTGATGCAGCTAGCTGATCGTAGCTAGCTATCGATCGTAGCTGACTGATCGTAGCTAGCTGATCGATGCTAGCTAGCTAGCTGATCATCTACGTAGCTGACTATCGATGCTACTACTATCGATCGTAGCTAGCTGATCGTAGCTAGCTAGCTGATGCTAC
PRIMER_INTERNAL_OLIGO_MAX_SIZE=45
PRIMER_ERROR=PRIMER_INTERNAL_OLIGO_MAX_SIZE exceeds built-in maximum
=
