PRIMER_SEQUENCE_ID=opt_max_size_int
SEQUENCE=TAGCTGATGCTAGCTAGCGTGGGCATGCTAGCTAGCTGATGCAGCTAGCTGATCGTAGCTAGCTATCGATCGTAGCTGACTGATCGTAGCTAGCTGATCGATGCTAGCTAGCTAGCTGATCATCTACGTAGCTGACTATCGATGCTACTACTATCGATCGTAGCTAGCTGATCGTAGCTAGCTAGCTGATGCTAC
PRIMER_INTERNAL_OLIGO_OPT_SIZE=25
PRIMER_INTERNAL_OLIGO_MAX_SIZE=20
PRIMER_INTERNAL_OLIGO_MIN_SIZE=18
PRIMER_ERROR=PRIMER_INTERNAL_OLIGO_{OPT,DEFAULT}_SIZE > MAX_SIZE
=
