PRIMER_SEQUENCE_ID=seq1
SEQUENCE=ATGCTAGCTAGTCGATCGATGCTAGCTAGTCGATCTACTATCATCATGCTAGCATGGGGCATCTGTGGGATGCTGTCGTACTGATCGATGCTAGCTAGCTAGTCGATCGTAGCTATCATCATCTAGTCATCGTAGCTATCATCGTAGC
PRIMER_INTERNAL_OLIGO_MISHYB_LIBRARY=repeat_lib4
PRIMER_PICK_INTERNAL_OLIGO=1
PRIMER_ERROR=Sequence length < 3 in internal oligo mishyb library repeat_lib4
=
