SEQUENCE_ID=bad_salt_conc
SEQUENCE_TEMPLATE=TAGCTGATGCTAGCTAGCGTGGGCATGCTAGCTAGCTGATGCAGCTAGCTGATCGTAGCTAGCTATCGATCGTAGCTGACTGATCGTAGCTAGCTGATCGATGCTAGCTAGCTAGCTGATCATCTACGTAGCTGACTATCGATGCTACTACTATCGATCGTAGCTAGCTGATCGTAGCTAGCTAGCTGATGCTAC
PRIMER_SALT_MONOVALENT=-1
PRIMER_ERROR=Illegal value for primer salt or dna concentration
=
