SEQUENCE_ID=bad_gc_3
SEQUENCE_TEMPLATE=TAGCTGATGCTAGCTAGCGTGGGCATGCTAGCTAGCTGATGCAGCTAGCTGATCGTAGCTAGCTATCGATCGTAGCTGACTGATCGTAGCTAGCTGATCGATGCTAGCTAGCTAGCTGATCATCTACGTAGCTGACTATCGATGCTACTACTATCGATCGTAGCTAGCTGATCGTAGCTAGCTAGCTGATGCTAC
PRIMER_MAX_GC=60
PRIMER_MIN_GC=70
PRIMER_ERROR=Illegal value for PRIMER_MAX_GC and PRIMER_MIN_GC
=
