SEQUENCE_ID=bad_gc_int_1
SEQUENCE_TEMPLATE=TAGCTGATGCTAGCTAGCGTGGGCATGCTAGCTAGCTGATGCAGCTAGCTGATCGTAGCTAGCTATCGATCGTAGCTGACTGATCGTAGCTAGCTGATCGATGCTAGCTAGCTAGCTGATCATCTACGTAGCTGACTATCGATGCTACTACTATCGATCGTAGCTAGCTGATCGTAGCTAGCTAGCTGATGCTAC
PRIMER_INTERNAL_MAX_GC=-2
PRIMER_ERROR=Illegal value for PRIMER_INTERNAL_OLIGO_GC
=
