PRIMER_ERROR=Settings file is empty: ./primer_global_err/bad_settings0.in
=
