SEQUENCE_ID=opt_min_size_int
SEQUENCE_TEMPLATE=TAGCTGATGCTAGCTAGCGTGGGCATGCTAGCTAGCTGATGCAGCTAGCTGATCGTAGCTAGCTATCGATCGTAGCTGACTGATCGTAGCTAGCTGATCGATGCTAGCTAGCTAGCTGATCATCTACGTAGCTGACTATCGATGCTACTACTATCGATCGTAGCTAGCTGATCGTAGCTAGCTAGCTGATGCTAC
PRIMER_INTERNAL_OPT_SIZE=15
PRIMER_INTERNAL_MAX_SIZE=20
PRIMER_INTERNAL_MIN_SIZE=18
PRIMER_ERROR=PRIMER_INTERNAL_{OPT,DEFAULT}_SIZE < MIN_SIZE
=
