SEQUENCE_ID=seq1
SEQUENCE_TEMPLATE=ATGCTAGCTAGTCGATCGATGCTAGCTAGTCGATCTACTATCATCATGCTAGCATGGGGCATCTGTGGGATGCTGTCGTACTGATCGATGCTAGCTAGCTAGTCGATCGTAGCTATCATCATCTAGTCATCGTAGCTATCATCGTAGC
PRIMER_MISPRIMING_LIBRARY=repeat_lib3
PRIMER_ERROR=Empty sequence in mispriming library repeat_lib3
=
