SEQUENCE_ID=oligotm_1
PRIMER_MAX_TM=100
PRIMER_MIN_TM=0
PRIMER_SALT_DIVALENT=-1
PRIMER_DNTP_CONC=1
P3_COMMENT=Should fail
SEQUENCE_TEMPLATE=GGCGAGCTGCATCGCGTATTCCATACTTTCCCTGCTGCGGACTTCGCCGATGCAGACCACGTCGGGGGATCAGGTGTGTATCGAGGTGAACATTGCGGGCGAGGCGGTGAAGCACGGTGTCGCGCCCGAAGAAGCAGTCG
PRIMER_ERROR=Illegal value for primer divalent salt or dNTP concentration
=
