SEQUENCE_ID=bad_float
SEQUENCE_TEMPLATE=GTAGTCAGTAGACNATGACNACTGACGATGCAGACNACACACACACACACAGCACACAGGTATTAGTGGGCCATTCGATCCCGACCCAAATCGATAGCTACGATGACG
PRIMER_MAX_SELF_END=
PRIMER_PRODUCT_SIZE_RANGE=75-100
PRIMER_PICK_INTERNAL_OLIGO=1
SEQUENCE_INTERNAL_EXCLUDED_REGION=37,21
PRIMER_ERROR=Illegal PRIMER_MAX_SELF_END value: 
=
