SEQUENCE_ID=bad_gc_1
SEQUENCE_TEMPLATE=TAGCTGATGCTAGCTAGCGTGGGCATGCTAGCTAGCTGATGCAGCTAGCTGATCGTAGCTAGCTATCGATCGTAGCTGACTGATCGTAGCTAGCTGATCGATGCTAGCTAGCTAGCTGATCATCTACGTAGCTGACTATCGATGCTACTACTATCGATCGTAGCTAGCTGATCGTAGCTAGCTAGCTGATGCTAC
PRIMER_MAX_GC=-2
PRIMER_ERROR=Illegal value for PRIMER_MAX_GC and PRIMER_MIN_GC
=
