SEQUENCE_ID=io_not_required
PRIMER_PAIR_WT_IO_PENALTY=1
SEQUENCE_TEMPLATE=CAGCTGATCGATCGATCGATCGTAGCTAGCTAGCTAGCTAGCTGATCGATCGATGCTAGCTAGCTAGCTAGTCGATCGATGCTAGCTAGCTAGCTAGCTGATCGATCGTAGCTAGCTAGCTAGCTGACTGATCGATCGATGCTAGCTAGCTAGCTAGCTGATCGATCGTAGCTAGCT
PRIMER_ERROR=Internal oligo quality is part of objective function while internal oligo choice is not required
=
