SEQUENCE_ID=Medicago Lyk3 mRNA INTRON_OVERLAP error big
SEQUENCE_TEMPLATE=cttgattcaatgaatctcaaaaatggattactattgttcattctgtttctggattgtgtttttttcaaagttgaatccaaatgtgtaaaagggtgtgatgtagctttagcttcctactatattataccatcaattcaactcagaaatatatcaaactttatgcaatcaaagattgttcttaccaattcctttgatgttataatgagctacaatagagacgtagtattcgataaatctggtcttatttcctatactagaatcaacgttccgttcccatgtgaatgtattggaggtgaatttctaggacatgtgtttgaatatacaacaaaagaaggagacgattatgatttaattgcaaatacttattacgcaagtttgacaactgttgagttattgaaaaagttcaacagctatgatccaaatcatatacctgttaaggctaagattaatgtcactgtaatttgttcatgtgggaatagccagatttcaaaagattatggcttgtttgttacctatccactcaggtctgatgatactcttgcgaaaattgcgaccaaagctggtcttgatgaagggttgatacaaaatttcaatcaagatgccaatttcagcataggaagtgggatagtgttcattccaggaagagatcaaaatggacatttttttcctttgtattctagaacaggtattgctaagggttcagctgttggtatagctatggcaggaatatttggacttctattatttgttatctatatatatgccaaatacttccaaaagaaggaagaagagaaaactaaacttccacaaacttctagggcattttcaactcaagatgcctcaggtagtgcagaatatgaaacttcaggatccagtgggcatgctactggtagtgctgccggccttacaggcattatggtggcaaagtcgacagagtttacgtatcaagaattagccaaggcgacaaataatttcagcttggataataaaattggtcaaggtggatttggagctgtctattatgcagaacttagaggcgagaaaacagcaattaagaagatggatgtacaagcatcgtccgaatttctctgtgagttgaaggtcttaacacatgttcatcacttgaatctggtgcggttgattggatattgcgttgaagggtcacttttcctcgtatatgaacatattgacaatggaaacttgggtcaatatttacatggtataggtacagaaccattaccatggtctagtagagtgcagattgctctagattcagccagaggcctagaatacattcatgaacacactgtgcctgtttatatccatcgcgacgtaaaatcagcaaatatattgatagacaaaaatttgcgtggaaaggttgctgattttggcttgaccaaacttattgaagttggaaactcgacacttcacactcgtcttgtgggaacatttggatacatgccaccagaatatgctcaatatggcgatgtttctccaaaaatagatgtatatgcttttggcgttgttctttatgaacttattactgcaaagaatgctgtcctgaagacaggtgaatctgttgcagaatcaaagggtcttgtacaattgtttgaagaagcacttcatcgaatggatcctttagaaggtcttcgaaaattggtggatcctaggcttaaagaaaactatcccattgattctgttctcaagatggctcaacttgggagagcatgtacgagagacaatccgctactacgcccaagcatgagatctatagttgttgctcttatgacactttcatcaccaactgaagattgtgatgatgactcttcatatgaaaatcaatctctcataaatctgttgtcaactagatgaagattttgtgtgacaaattgaattgtgtttgttaaaacatgtagaaagcatacaacaaatggtttgtactttacttgtatatgaaatattgcagttggagagtttttacttttcttacctcaattatccatcttgaacattgttttgtatgtggcaagagttcaaacactggtgtactcattgaaaagttatggtgagaaaatcactgatcagatgat
PRIMER_TASK=pick_detection_primers
PRIMER_PICK_RIGHT_PRIMER=1
PRIMER_PICK_INTERNAL_OLIGO=0
PRIMER_PICK_LEFT_PRIMER=1
PRIMER_FIRST_BASE_INDEX=1
SEQUENCE_OVERLAP_JUNCTION_LIST=10 15
PRIMER_MIN_5_PRIME_OVERLAP_OF_JUNCTION=14
PRIMER_MAX_SIZE=27
PRIMER_ERROR=PRIMER_MIN_5_PRIME_OVERLAP_OF_JUNCTION > PRIMER_MAX_SIZE / 2
=
