SEQUENCE_ID=max_opt_tm_int
SEQUENCE_TEMPLATE=TAGCTGATGCTAGCTAGCGTGGGCATGCTAGCTAGCTGATGCAGCTAGCTGATCGTAGCTAGCTATCGATCGTAGCTGACTGATCGTAGCTAGCTGATCGATGCTAGCTAGCTAGCTGATCATCTACGTAGCTGACTATCGATGCTACTACTATCGATCGTAGCTAGCTGATCGTAGCTAGCTAGCTGATGCTAC
PRIMER_INTERNAL_MAX_TM=65
PRIMER_INTERNAL_OPT_TM=66
PRIMER_INTERNAL_MIN_TM=62
PRIMER_ERROR=Optimum internal oligo Tm lower than minimum or higher than maximum
=
