SEQUENCE_ID=min_opt_tm
SEQUENCE_TEMPLATE=TAGCTGATGCTAGCTAGCGTGGGCATGCTAGCTAGCTGATGCAGCTAGCTGATCGTAGCTAGCTATCGATCGTAGCTGACTGATCGTAGCTAGCTGATCGATGCTAGCTAGCTAGCTGATCATCTACGTAGCTGACTATCGATGCTACTACTATCGATCGTAGCTAGCTGATCGTAGCTAGCTAGCTGATGCTAC
PRIMER_MAX_TM=65
PRIMER_OPT_TM=60
PRIMER_MIN_TM=62
PRIMER_ERROR=Optimum primer Tm lower than minimum or higher than maximum
=
