SEQUENCE_ID=without_eq
AGTCGATCGTAGCTAGCTAGCTAGCTGACTGATGCTAGCTAGCTGATCGATCGTAGCTAGCTAGCTGATCGTAGCTAGCTAGCTGACTGATCATCTAGCTAGCTGATCATCGTAGCTAGCTCTATTTTATCGTAGCTAGCTATCATCTAGCTAGC
PRIMER_ERROR=Input line with no '=': AGTCGATCGTAGCTAGCTAGCTAGCTGACTGATGCTAGCTAGCTGATCGATCGTAGCTAGCTAGCTGATCGTAGCTAGCTAGCTGACTGATCATCTAGCTAGCTGATCATCGTAGCTAGCTCTATTTTATCGTAGCTAGCTATCATCTAGCTAGC
=
