SEQUENCE_ID=product_size_opt_not_def
PRIMER_PAIR_WT_PRODUCT_SIZE_LT=1
SEQUENCE_TEMPLATE=CAGCTGATCGATCGATCGATCGTAGCTAGCTAGCTAGCTAGCTGATCGATCGATGCTAGCTAGCTAGCTAGTCGATCGATGCTAGCTAGCTAGCTAGCTGATCGATCGTAGCTAGCTAGCTAGCTGACTGATCGATCGATGCTAGCTAGCTAGCTAGCTGATCGATCGTAGCTAGCT
PRIMER_ERROR=Product size is part of objective function while optimum size is not defined
=
