SEQUENCE_ID=seq1
SEQUENCE_TEMPLATE=ATGCTAGCTAGTCGATCGATGCTAGCTAGTCGATCTACTATCATCATGCTAGCATGGGGCATCTGTGGGATGCTGTCGTACTGATCGATGCTAGCTAGCTAGTCGATCGTAGCTATCATCATCTAGTCATCGTAGCTATCATCGTAGC
PRIMER_MISPRIMING_LIBRARY=repeat_lib1
PRIMER_ERROR=Missing id line (expected '>') in mispriming library repeat_lib1
=
