SEQUENCE_ID=seq1
SEQUENCE_TEMPLATE=ATGCTAGCTAGTCGATCGATGCTAGCTAGTCGATCTACTATCATCATGCTAGCATGGGGCATCTGTGGGATGCTGTCGTACTGATCGATGCTAGCTAGCTAGTCGATCGTAGCTATCATCATCTAGTCATCGTAGCTATCATCGTAGC
PRIMER_PICK_INTERNAL_OLIGO=1
PRIMER_INTERNAL_MISHYB_LIBRARY=repeat_file
PRIMER_ERROR=Cannot open internal oligo mishyb library repeat_file
=
