SEQUENCE_ID=seq1
SEQUENCE_TEMPLATE=ATGCTAGCTAGTCGATCGATGCTAGCTAGTCGATCTACTATCATCATGCTAGCATGGGGCATCTGTGGGATGCTGTCGTACTGATCGATGCTAGCTAGCTAGTCGATCGTAGCTATCATCATCTAGTCATCGTAGCTATCATCGTAGC
PRIMER_INTERNAL_MISHYB_LIBRARY=repeat_lib6
PRIMER_PICK_INTERNAL_OLIGO=1
PRIMER_ERROR=Illegal weight in internal oligo mishyb library repeat_lib6
=
