SEQUENCE_ID=seq1
SEQUENCE_TEMPLATE=ATGCTAGCTAGTCGATCGATGCTAGCTAGTCGATCTACTATCATCATGCTAGCATGGGGCATCTGTGGGATGCTGTCGTACTGATCGATGCTAGCTAGCTAGTCGATCGTAGCTATCATCATCTAGTCATCGTAGCTATCATCGTAGC
PRIMER_MISPRIMING_LIBRARY=repeat_lib6
PRIMER_ERROR=Illegal weight in mispriming library repeat_lib6
=
