PRIMER_NUM_RETURN=0
SEQUENCE_ID=14.RHAP34FF2.seq
SEQUENCE_TEMPLATE=NNNNNNNNNNNNNNNNNNNNCCATTTGGAAAGTCAACCTTCAAGGCGTGTGTTCTTCCTCCTTGGCACCTTGAGGAGGCAGCAATGACATTTTGACAAATGCCTCAAGTTAGGTAGGTGCTCTATAGCAAAGAGCCAATACNNNNNNNNNNNNNNNNNNNNNNNNNNNNNNNNNNNNNNNNNNNNCGCGTGTACGAATGTGTGTAATGAAAGGGGAATATTCTGGCTTAGCTTACACATTAAGTTCATTCAAGGTCATTCAATAGTGGNNNNNNNNNNNNNNNNNNNNNNNNNNNN
SEQUENCE_INCLUDED_REGION=20,248
SEQUENCE_TARGET=141,44
PRIMER_ERROR=PRIMER_NUM_RETURN < 1
=
