PRIMER_SEQUENCE_ID=bad_num_ns_int
SEQUENCE=TAGCTGATGCTAGCTAGCGTGGGCATGCTAGCTAGCTGATGCAGCTAGCTGATCGTAGCTAGCTATCGATCGTAGCTGACTGATCGTAGCTAGCTGATCGATGCTAGCTAGCTAGCTGATCATCTACGTAGCTGACTATCGATGCTACTACTATCGATCGTAGCTAGCTGATCGTAGCTAGCTAGCTGATGCTAC
PRIMER_INTERNAL_OLIGO_NUM_NS=-1
PRIMER_ERROR=Illegal value for PRIMER_INTERNAL_MAX_NS_ACCEPTED
=
