PRIMER_SEQUENCE_ID=oligotm_io_1
PRIMER_NUM_RETURN=1
PRIMER_EXPLAIN_FLAG=1
SEQUENCE=GTCGCCCGGCTGCGCGCCTGTATCCACATCCAAGAGCTTCAGTTTCCCGTCTGCCGTGGCGGCACTCAAATTTTCGTCCACCAGGGCAAGCGGCCCGTGCTTCAGTTCGCCGGCAGGATAGGCTTCGGCGTGGATGTAGG
PRIMER_INTERNAL_OLIGO_DIVALENT_CONC=-1
PRIMER_INTERNAL_OLIGO_DNTP_CONC=1
COMMENT=Should fail
PRIMER_INTERNAL_OLIGO_MAX_TM=100
PRIMER_INTERNAL_OLIGO_MIN_TM=30
PRIMER_PICK_INTERNAL_OLIGO=1
PRIMER_ERROR=Illegal value for internal oligo divalent salt or dNTP concentration
=
