PRIMER_SEQUENCE_ID=bad_gc_2
SEQUENCE=TAGCTGATGCTAGCTAGCGTGGGCATGCTAGCTAGCTGATGCAGCTAGCTGATCGTAGCTAGCTATCGATCGTAGCTGACTGATCGTAGCTAGCTGATCGATGCTAGCTAGCTAGCTGATCATCTACGTAGCTGACTATCGATGCTACTACTATCGATCGTAGCTAGCTGATCGTAGCTAGCTAGCTGATGCTAC
PRIMER_MIN_GC=101
PRIMER_ERROR=Illegal value for PRIMER_MAX_GC and PRIMER_MIN_GC
=
