PRIMER_SEQUENCE_ID=max_min_tm
SEQUENCE=TAGCTGATGCTAGCTAGCGTGGGCATGCTAGCTAGCTGATGCAGCTAGCTGATCGTAGCTAGCTATCGATCGTAGCTGACTGATCGTAGCTAGCTGATCGATGCTAGCTAGCTAGCTGATCATCTACGTAGCTGACTATCGATGCTACTACTATCGATCGTAGCTAGCTGATCGTAGCTAGCTAGCTGATGCTAC
PRIMER_MIN_TM=65
PRIMER_OPT_TM=60
PRIMER_MAX_TM=62
PRIMER_ERROR=Optimum primer Tm lower than minimum or higher than maximum
=
