MARKER_NAME=boundary_test_87
PRIMER_PICK_INTERNAL_OLIGO=0
PRIMER_MIN_SIZE=37
PRIMER_MAX_SIZE=37
PRIMER_OPT_SIZE=37
PRIMER_NUM_NS_ACCEPTED=0
PRIMER_MIN_GC=0
PRIMER_MAX_GC=100
PRIMER_DEFAULT_PRODUCT=77-77
SEQUENCE=NNCACGTCATCATATATATATATCATCAAATTTGATTGNNNNNACTCATATATATATATCTGTCATTTCCAAACAATTCNN
COMMENT=should fail (testing hard limit MAX_PRIMER_LENGTH)
PRIMER_ERROR=PRIMER_MAX_SIZE exceeds built-in maximum of 36
=
