PRIMER_SEQUENCE_ID=mishyb_lib_not_defined
PRIMER_IO_WT_REP_SIM=1
PRIMER_TASK=pick_pcr_primers_and_hyb_probe
SEQUENCE=CAGCTGATCGATCGATCGATCGTAGCTAGCTAGCTAGCTAGCTGATCGATCGATGCTAGCTAGCTAGCTAGTCGATCGATGCTAGCTAGCTAGCTAGCTGATCGATCGTAGCTAGCTAGCTAGCTGACTGATCGATCGATGCTAGCTAGCTAGCTAGCTGATCGATCGTAGCTAGCT
PRIMER_ERROR=Internal oligo mispriming score is part of objective function while mishyb library is not defined
=
