PRIMER_SEQUENCE_ID=example
SEQUENCE=GTAGTCAGTAGACNATGACNACTGACGATGCAGACNACACACACACACACAGCACACAGGTATTAGTGGGCCATTCGATCCCGACCCAAATCGATAGCTACGATGACG
TARGET=37,21
PRIMER_OPT_SIZE=18
PRIMER_MIN_SIZE=15
PRIMER_MAX_SIZE=21
PRIMER_NUM_NS_ACCEPTED=1
PRIMER_PRODUCT_SIZE_RANGE=75-100
PRIMER_FILE_FLAG=1
PRIMER_PICK_INTERNAL_OLIGO=1
PRIMER_INTERNAL_OLIGO_EXCLUDED_REGION=37,21
PRIMER_ERROR=Final record not terminated by '='
=
