PRIMER_NUM_RETURN=0
MARKER_NAME=14.RHAP34FF2.seq
SEQUENCE=NNNNNNNNNNNNNNNNNNNNCCATTTGGAAAGTCAACCTTCAAGGCGTGTGTTCTTCCTCCTTGGCACCTTGAGGAGGCAGCAATGACATTTTGACAAATGCCTCAAGTTAGGTAGGTGCTCTATAGCAAAGAGCCAATACNNNNNNNNNNNNNNNNNNNNNNNNNNNNNNNNNNNNNNNNNNNNCGCGTGTACGAATGTGTGTAATGAAAGGGGAATATTCTGGCTTAGCTTACACATTAAGTTCATTCAAGGTCATTCAATAGTGGNNNNNNNNNNNNNNNNNNNNNNNNNNNN
INCLUDED_REGION=20,248
TARGET=141,44,TG
CL=GGAGGCAGCAATGACATTTT
CR=TACACACATTCGTACACGCG
PRIMER_ERROR=PRIMER_NUM_RETURN < 1
=
