PRIMER_SEQUENCE_ID=bad_gc_int_3
SEQUENCE=TAGCTGATGCTAGCTAGCGTGGGCATGCTAGCTAGCTGATGCAGCTAGCTGATCGTAGCTAGCTATCGATCGTAGCTGACTGATCGTAGCTAGCTGATCGATGCTAGCTAGCTAGCTGATCATCTACGTAGCTGACTATCGATGCTACTACTATCGATCGTAGCTAGCTGATCGTAGCTAGCTAGCTGATGCTAC
PRIMER_INTERNAL_OLIGO_MAX_GC=60
PRIMER_INTERNAL_OLIGO_MIN_GC=70
PRIMER_ERROR=Illegal value for PRIMER_INTERNAL_OLIGO_GC
=
