PRIMER_SEQUENCE_ID=bad_num_ns
SEQUENCE=TAGCTGATGCTAGCTAGCGTGGGCATGCTAGCTAGCTGATGCAGCTAGCTGATCGTAGCTAGCTATCGATCGTAGCTGACTGATCGTAGCTAGCTGATCGATGCTAGCTAGCTAGCTGATCATCTACGTAGCTGACTATCGATGCTACTACTATCGATCGTAGCTAGCTGATCGTAGCTAGCTAGCTGATGCTAC
PRIMER_NUM_NS_ACCEPTED=-1
PRIMER_ERROR=Illegal value for PRIMER_MAX_NS_ACCEPTED
=
