PRIMER_SEQUENCE_ID=mispr_lib_not_defined
PRIMER_WT_REP_SIM=1
SEQUENCE=CAGCTGATCGATCGATCGATCGTAGCTAGCTAGCTAGCTAGCTGATCGATCGATGCTAGCTAGCTAGCTAGTCGATCGATGCTAGCTAGCTAGCTAGCTGATCGATCGTAGCTAGCTAGCTAGCTGACTGATCGATCGATGCTAGCTAGCTAGCTAGCTGATCGATCGTAGCTAGCT
PRIMER_ERROR=Mispriming score is part of objective function, but mispriming library is not defined
=
