PRIMER_SEQUENCE_ID=seq1
SEQUENCE=ATGCTAGCTAGTCGATCGATGCTAGCTAGTCGATCTACTATCATCATGCTAGCATGGGGCATCTGTGGGATGCTGTCGTACTGATCGATGCTAGCTAGCTAGTCGATCGTAGCTATCATCATCTAGTCATCGTAGCTATCATCGTAGC
PRIMER_INTERNAL_OLIGO_MISHYB_LIBRARY=repeat_lib6
PRIMER_PICK_INTERNAL_OLIGO=1
PRIMER_ERROR=Illegal weight in internal oligo mishyb library repeat_lib6
=
